2026-06-17T08:12:26.810572Z  INFO tailwindcss_oxide::scanner: Provided sources:
2026-06-17T08:12:26.811175Z  INFO tailwindcss_oxide::scanner: Source: PublicSourceEntry { base: "C:\\Users\\ASUS\\Desktop\\GraduationProject\\my-react-app", pattern: "**/*", negated: false }
2026-06-17T08:12:26.815333Z  INFO tailwindcss_oxide::scanner: Optimized sources:
2026-06-17T08:12:26.816410Z  INFO tailwindcss_oxide::scanner: Source: Auto { base: "C:\\Users\\ASUS\\Desktop\\GraduationProject\\my-react-app" }
2026-06-17T08:12:26.820868Z  INFO discover_sources: tailwindcss_oxide::scanner: enter
2026-06-17T08:12:26.821229Z  INFO discover_sources:walk_synchronous: tailwindcss_oxide::scanner: enter
2026-06-17T08:12:26.888030Z  INFO discover_sources:walk_synchronous: tailwindcss_oxide::scanner: exit
2026-06-17T08:12:26.890298Z  INFO tailwindcss_oxide::scanner: Reading "C:\\Users\\ASUS\\Desktop\\GraduationProject\\my-react-app\\src\\components\\employees\\EmployeePageHeader.tsx"
2026-06-17T08:12:26.890332Z  INFO tailwindcss_oxide::scanner: Reading "C:\\Users\\ASUS\\Desktop\\GraduationProject\\my-react-app\\src\\components\\employees\\EmployeeTable.tsx"
2026-06-17T08:12:26.890438Z  INFO tailwindcss_oxide::scanner: Reading "C:\\Users\\ASUS\\Desktop\\GraduationProject\\my-react-app\\src\\App.tsx"
2026-06-17T08:12:26.890486Z  INFO tailwindcss_oxide::scanner: Reading "C:\\Users\\ASUS\\Desktop\\GraduationProject\\my-react-app\\src\\services\\employees\\employee.form.ts"
2026-06-17T08:12:26.890517Z  INFO tailwindcss_oxide::scanner: Reading "C:\\Users\\ASUS\\Desktop\\GraduationProject\\my-react-app\\src\\Login.jsx"
2026-06-17T08:12:26.890338Z  INFO tailwindcss_oxide::scanner: Reading "C:\\Users\\ASUS\\Desktop\\GraduationProject\\my-react-app\\src\\pages\\LoginPage.tsx"
2026-06-17T08:12:26.890288Z  INFO tailwindcss_oxide::scanner: Reading "C:\\Users\\ASUS\\Desktop\\GraduationProject\\my-react-app\\public\\favicon.svg"
2026-06-17T08:12:26.890647Z  INFO tailwindcss_oxide::scanner: Reading "C:\\Users\\ASUS\\Desktop\\GraduationProject\\my-react-app\\eslint.config.js"
2026-06-17T08:12:26.890744Z  INFO tailwindcss_oxide::scanner: Reading "C:\\Users\\ASUS\\Desktop\\GraduationProject\\my-react-app\\src\\Attendences.jsx"
2026-06-17T08:12:26.890760Z  INFO tailwindcss_oxide::scanner: Reading "C:\\Users\\ASUS\\Desktop\\GraduationProject\\my-react-app\\src\\services\\employees\\employee.mapper.ts"
2026-06-17T08:12:26.890453Z  INFO tailwindcss_oxide::scanner: Reading "C:\\Users\\ASUS\\Desktop\\GraduationProject\\my-react-app\\src\\components\\projects\\AddProjectModal.tsx"
2026-06-17T08:12:26.890528Z  INFO tailwindcss_oxide::scanner: Reading "C:\\Users\\ASUS\\Desktop\\GraduationProject\\my-react-app\\src\\components\\projects\\ProjectBadges.tsx"
2026-06-17T08:12:26.890743Z  INFO tailwindcss_oxide::scanner: Reading "C:\\Users\\ASUS\\Desktop\\GraduationProject\\my-react-app\\src\\components\\EmptyState.tsx"
2026-06-17T08:12:26.890763Z  INFO tailwindcss_oxide::scanner: Reading "C:\\Users\\ASUS\\Desktop\\GraduationProject\\my-react-app\\src\\main.jsx"
2026-06-17T08:12:26.890751Z  INFO tailwindcss_oxide::scanner: Reading "C:\\Users\\ASUS\\Desktop\\GraduationProject\\my-react-app\\postcss.config.cjs"
2026-06-17T08:12:26.890459Z  INFO tailwindcss_oxide::scanner: Reading "C:\\Users\\ASUS\\Desktop\\GraduationProject\\my-react-app\\src\\components\\WorkSchedulePanel.tsx"
2026-06-17T08:12:26.891001Z  INFO tailwindcss_oxide::scanner: Reading "C:\\Users\\ASUS\\Desktop\\GraduationProject\\my-react-app\\src\\services\\employees\\employee.service.ts"
2026-06-17T08:12:26.890606Z  INFO tailwindcss_oxide::scanner: Reading "C:\\Users\\ASUS\\Desktop\\GraduationProject\\my-react-app\\src\\components\\employees\\EmployeeTableSkeleton.tsx"
2026-06-17T08:12:26.890783Z  INFO tailwindcss_oxide::scanner: Reading "C:\\Users\\ASUS\\Desktop\\GraduationProject\\my-react-app\\README.md"
2026-06-17T08:12:26.891112Z  INFO tailwindcss_oxide::scanner: Reading "C:\\Users\\ASUS\\Desktop\\GraduationProject\\my-react-app\\public\\vite.svg"
2026-06-17T08:12:26.890517Z  INFO tailwindcss_oxide::scanner: Reading "C:\\Users\\ASUS\\Desktop\\GraduationProject\\my-react-app\\src\\components\\RoleBadge.tsx"
2026-06-17T08:12:26.890823Z  INFO tailwindcss_oxide::scanner: Reading "C:\\Users\\ASUS\\Desktop\\GraduationProject\\my-react-app\\src\\pages\\NotificationsPage.tsx"
2026-06-17T08:12:26.891289Z  INFO tailwindcss_oxide::scanner: Reading "C:\\Users\\ASUS\\Desktop\\GraduationProject\\my-react-app\\src\\components\\departments\\DepartmentGrid.tsx"
2026-06-17T08:12:26.890878Z  INFO tailwindcss_oxide::scanner: Reading "C:\\Users\\ASUS\\Desktop\\GraduationProject\\my-react-app\\index.html"
2026-06-17T08:12:26.890968Z  INFO tailwindcss_oxide::scanner: Reading "C:\\Users\\ASUS\\Desktop\\GraduationProject\\my-react-app\\src\\components\\AddEmployeeForm.tsx"
2026-06-17T08:12:26.890578Z  INFO tailwindcss_oxide::scanner: Reading "C:\\Users\\ASUS\\Desktop\\GraduationProject\\my-react-app\\src\\types\\department.ts"
2026-06-17T08:12:26.891052Z  INFO tailwindcss_oxide::scanner: Reading "C:\\Users\\ASUS\\Desktop\\GraduationProject\\my-react-app\\src\\components\\projects\\ProjectDetailView.tsx"
2026-06-17T08:12:26.891538Z  INFO tailwindcss_oxide::scanner: Reading "C:\\Users\\ASUS\\Desktop\\GraduationProject\\my-react-app\\src\\components\\departments\\DepartmentGridSkeleton.tsx"
2026-06-17T08:12:26.891092Z  INFO tailwindcss_oxide::scanner: Reading "C:\\Users\\ASUS\\Desktop\\GraduationProject\\my-react-app\\src\\components\\projects\\AddSectionModal.tsx"
2026-06-17T08:12:26.891603Z  INFO tailwindcss_oxide::scanner: Reading "C:\\Users\\ASUS\\Desktop\\GraduationProject\\my-react-app\\package.json"
2026-06-17T08:12:26.891643Z  INFO tailwindcss_oxide::scanner: Reading "C:\\Users\\ASUS\\Desktop\\GraduationProject\\my-react-app\\src\\pages\\ProjectsPage.tsx"
2026-06-17T08:12:26.890798Z  INFO tailwindcss_oxide::scanner: Reading "C:\\Users\\ASUS\\Desktop\\GraduationProject\\my-react-app\\public\\icons.svg"
2026-06-17T08:12:26.891170Z  INFO tailwindcss_oxide::scanner: Reading "C:\\Users\\ASUS\\Desktop\\GraduationProject\\my-react-app\\public\\assets\\react.svg"
2026-06-17T08:12:26.891236Z  INFO tailwindcss_oxide::scanner: Reading "C:\\Users\\ASUS\\Desktop\\GraduationProject\\my-react-app\\src\\components\\WorkScheduleStatsBanner.tsx"
2026-06-17T08:12:26.891767Z  INFO tailwindcss_oxide::scanner: Reading "C:\\Users\\ASUS\\Desktop\\GraduationProject\\my-react-app\\src\\components\\departments\\DepartmentPageHeader.tsx"
2026-06-17T08:12:26.890663Z  INFO tailwindcss_oxide::scanner: Reading "C:\\Users\\ASUS\\Desktop\\GraduationProject\\my-react-app\\src\\components\\MobileNav.tsx"
2026-06-17T08:12:26.891850Z  INFO tailwindcss_oxide::scanner: Reading "C:\\Users\\ASUS\\Desktop\\GraduationProject\\my-react-app\\src\\services\\api.ts"
2026-06-17T08:12:26.891867Z  INFO tailwindcss_oxide::scanner: Reading "C:\\Users\\ASUS\\Desktop\\GraduationProject\\my-react-app\\src\\components\\projects\\InviteMemberModal.tsx"
2026-06-17T08:12:26.891892Z  INFO tailwindcss_oxide::scanner: Reading "C:\\Users\\ASUS\\Desktop\\GraduationProject\\my-react-app\\src\\components\\projects\\AddTaskModal.tsx"
2026-06-17T08:12:26.891310Z  INFO tailwindcss_oxide::scanner: Reading "C:\\Users\\ASUS\\Desktop\\GraduationProject\\my-react-app\\src\\apis\\HrApis.js"
2026-06-17T08:12:26.891983Z  INFO tailwindcss_oxide::scanner: Reading "C:\\Users\\ASUS\\Desktop\\GraduationProject\\my-react-app\\public\\assets\\vite.svg"
2026-06-17T08:12:26.892025Z  INFO tailwindcss_oxide::scanner: Reading "C:\\Users\\ASUS\\Desktop\\GraduationProject\\my-react-app\\src\\config\\env.ts"
2026-06-17T08:12:26.891652Z  INFO tailwindcss_oxide::scanner: Reading "C:\\Users\\ASUS\\Desktop\\GraduationProject\\my-react-app\\src\\components\\departments\\AddDepartmentModal.tsx"
2026-06-17T08:12:26.891098Z  INFO tailwindcss_oxide::scanner: Reading "C:\\Users\\ASUS\\Desktop\\GraduationProject\\my-react-app\\src\\main.tsx"
2026-06-17T08:12:26.891705Z  INFO tailwindcss_oxide::scanner: Reading "C:\\Users\\ASUS\\Desktop\\GraduationProject\\my-react-app\\src\\components\\projects\\ProjectsPageHeader.tsx"
2026-06-17T08:12:26.891708Z  INFO tailwindcss_oxide::scanner: Reading "C:\\Users\\ASUS\\Desktop\\GraduationProject\\my-react-app\\src\\types\\employee.ts"
2026-06-17T08:12:26.892357Z  INFO tailwindcss_oxide::scanner: Reading "C:\\Users\\ASUS\\Desktop\\GraduationProject\\my-react-app\\src\\services\\employeeApi.ts"
2026-06-17T08:12:26.891248Z  INFO tailwindcss_oxide::scanner: Reading "C:\\Users\\ASUS\\Desktop\\GraduationProject\\my-react-app\\src\\services\\employees\\index.ts"
2026-06-17T08:12:26.892010Z  INFO tailwindcss_oxide::scanner: Reading "C:\\Users\\ASUS\\Desktop\\GraduationProject\\my-react-app\\src\\components\\employees\\AddEmployeeModal.tsx"
2026-06-17T08:12:26.891461Z  INFO tailwindcss_oxide::scanner: Reading "C:\\Users\\ASUS\\Desktop\\GraduationProject\\my-react-app\\src\\components\\Sidebar.tsx"
2026-06-17T08:12:26.892607Z  INFO tailwindcss_oxide::scanner: Reading "C:\\Users\\ASUS\\Desktop\\GraduationProject\\my-react-app\\src\\types\\notification.ts"
2026-06-17T08:12:26.892030Z  INFO tailwindcss_oxide::scanner: Reading "C:\\Users\\ASUS\\Desktop\\GraduationProject\\my-react-app\\src\\pages\\DepartmentsPage.tsx"
2026-06-17T08:12:26.892670Z  INFO tailwindcss_oxide::scanner: Reading "C:\\Users\\ASUS\\Desktop\\GraduationProject\\my-react-app\\src\\pages\\EmployeesPage.tsx"
2026-06-17T08:12:26.892035Z  INFO tailwindcss_oxide::scanner: Reading "C:\\Users\\ASUS\\Desktop\\GraduationProject\\my-react-app\\src\\services\\authApi.ts"
2026-06-17T08:12:26.892033Z  INFO tailwindcss_oxide::scanner: Reading "C:\\Users\\ASUS\\Desktop\\GraduationProject\\my-react-app\\src\\components\\Pagination.tsx"
2026-06-17T08:12:26.892869Z  INFO tailwindcss_oxide::scanner: Reading "C:\\Users\\ASUS\\Desktop\\GraduationProject\\my-react-app\\src\\types\\project.ts"
2026-06-17T08:12:26.892092Z  INFO tailwindcss_oxide::scanner: Reading "C:\\Users\\ASUS\\Desktop\\GraduationProject\\my-react-app\\src\\components\\projects\\project-ui.ts"
2026-06-17T08:12:26.892092Z  INFO tailwindcss_oxide::scanner: Reading "C:\\Users\\ASUS\\Desktop\\GraduationProject\\my-react-app\\src\\components\\projects\\ProjectsTable.tsx"
2026-06-17T08:12:26.893017Z  INFO tailwindcss_oxide::scanner: Reading "C:\\Users\\ASUS\\Desktop\\GraduationProject\\my-react-app\\src\\services\\hrApi.ts"
2026-06-17T08:12:26.892192Z  INFO tailwindcss_oxide::scanner: Reading "C:\\Users\\ASUS\\Desktop\\GraduationProject\\my-react-app\\src\\App.jsx"
2026-06-17T08:12:26.892228Z  INFO tailwindcss_oxide::scanner: Reading "C:\\Users\\ASUS\\Desktop\\GraduationProject\\my-react-app\\src\\components\\employees\\employee-ui.tsx"
2026-06-17T08:12:26.893143Z  INFO tailwindcss_oxide::scanner: Reading "C:\\Users\\ASUS\\Desktop\\GraduationProject\\my-react-app\\src\\types\\skill.ts"
2026-06-17T08:12:26.892450Z  INFO tailwindcss_oxide::scanner: Reading "C:\\Users\\ASUS\\Desktop\\GraduationProject\\my-react-app\\src\\components\\ui\\FormField.tsx"
2026-06-17T08:12:26.893247Z  INFO tailwindcss_oxide::scanner: Reading "C:\\Users\\ASUS\\Desktop\\GraduationProject\\my-react-app\\src\\services\\projects\\index.ts"
2026-06-17T08:12:26.891376Z  INFO tailwindcss_oxide::scanner: Reading "C:\\Users\\ASUS\\Desktop\\GraduationProject\\my-react-app\\src\\components\\projects\\InvitationsTable.tsx"
2026-06-17T08:12:26.892915Z  INFO tailwindcss_oxide::scanner: Reading "C:\\Users\\ASUS\\Desktop\\GraduationProject\\my-react-app\\src\\components\\SidebarNavList.tsx"
2026-06-17T08:12:26.893359Z  INFO tailwindcss_oxide::scanner: Reading "C:\\Users\\ASUS\\Desktop\\GraduationProject\\my-react-app\\src\\components\\departments\\DepartmentDetailView.tsx"
2026-06-17T08:12:26.892923Z  INFO tailwindcss_oxide::scanner: Reading "C:\\Users\\ASUS\\Desktop\\GraduationProject\\my-react-app\\src\\pages\\HrPage.tsx"
2026-06-17T08:12:26.893030Z  INFO tailwindcss_oxide::scanner: Reading "C:\\Users\\ASUS\\Desktop\\GraduationProject\\my-react-app\\src\\constants\\navigation.ts"
2026-06-17T08:12:26.892228Z  INFO tailwindcss_oxide::scanner: Reading "C:\\Users\\ASUS\\Desktop\\GraduationProject\\my-react-app\\src\\constants\\api.ts"
2026-06-17T08:12:26.893046Z  INFO tailwindcss_oxide::scanner: Reading "C:\\Users\\ASUS\\Desktop\\GraduationProject\\my-react-app\\src\\vite-env.d.ts"
2026-06-17T08:12:26.892252Z  INFO tailwindcss_oxide::scanner: Reading "C:\\Users\\ASUS\\Desktop\\GraduationProject\\my-react-app\\src\\components\\departments\\department-ui.tsx"
2026-06-17T08:12:26.893226Z  INFO tailwindcss_oxide::scanner: Reading "C:\\Users\\ASUS\\Desktop\\GraduationProject\\my-react-app\\src\\utils\\apiResponse.ts"
2026-06-17T08:12:26.892882Z  INFO tailwindcss_oxide::scanner: Reading "C:\\Users\\ASUS\\Desktop\\GraduationProject\\my-react-app\\src\\constants\\defaults.ts"
2026-06-17T08:12:26.893731Z  INFO tailwindcss_oxide::scanner: Reading "C:\\Users\\ASUS\\Desktop\\GraduationProject\\my-react-app\\src\\components\\ui\\formStyles.ts"
2026-06-17T08:12:26.893825Z  INFO tailwindcss_oxide::scanner: Reading "C:\\Users\\ASUS\\Desktop\\GraduationProject\\my-react-app\\src\\types\\contract.ts"
2026-06-17T08:12:26.893426Z  INFO tailwindcss_oxide::scanner: Reading "C:\\Users\\ASUS\\Desktop\\GraduationProject\\my-react-app\\src\\services\\projects\\projectStorage.ts"
2026-06-17T08:12:26.893535Z  INFO tailwindcss_oxide::scanner: Reading "C:\\Users\\ASUS\\Desktop\\GraduationProject\\my-react-app\\src\\services\\tokenStorage.ts"
2026-06-17T08:12:26.893613Z  INFO tailwindcss_oxide::scanner: Reading "C:\\Users\\ASUS\\Desktop\\GraduationProject\\my-react-app\\src\\types\\attendance.ts"
2026-06-17T08:12:26.893749Z  INFO tailwindcss_oxide::scanner: Reading "C:\\Users\\ASUS\\Desktop\\GraduationProject\\my-react-app\\tailwind.config.cjs"
2026-06-17T08:12:26.894055Z  INFO tailwindcss_oxide::scanner: Reading "C:\\Users\\ASUS\\Desktop\\GraduationProject\\my-react-app\\tsconfig.node.json"
2026-06-17T08:12:26.893302Z  INFO tailwindcss_oxide::scanner: Reading "C:\\Users\\ASUS\\Desktop\\GraduationProject\\my-react-app\\src\\components\\projects\\ProjectStatsCards.tsx"
2026-06-17T08:12:26.894099Z  INFO tailwindcss_oxide::scanner: Reading "C:\\Users\\ASUS\\Desktop\\GraduationProject\\my-react-app\\src\\components\\ProtectedRoute.tsx"
2026-06-17T08:12:26.894185Z  INFO tailwindcss_oxide::scanner: Reading "C:\\Users\\ASUS\\Desktop\\GraduationProject\\my-react-app\\tsconfig.json"
2026-06-17T08:12:26.893368Z  INFO tailwindcss_oxide::scanner: Reading "C:\\Users\\ASUS\\Desktop\\GraduationProject\\my-react-app\\src\\components\\employees\\EmployeeDetailView.tsx"
2026-06-17T08:12:26.893896Z  INFO tailwindcss_oxide::scanner: Reading "C:\\Users\\ASUS\\Desktop\\GraduationProject\\my-react-app\\vite.config.js"
2026-06-17T08:12:26.893900Z  INFO tailwindcss_oxide::scanner: Reading "C:\\Users\\ASUS\\Desktop\\GraduationProject\\my-react-app\\vite.config.ts"
2026-06-17T08:12:26.893941Z  INFO tailwindcss_oxide::scanner: Reading "C:\\Users\\ASUS\\Desktop\\GraduationProject\\my-react-app\\src\\components\\ui\\StatusBanner.tsx"
2026-06-17T08:12:26.894067Z  INFO tailwindcss_oxide::scanner: Reading "C:\\Users\\ASUS\\Desktop\\GraduationProject\\my-react-app\\tsconfig.app.json"
2026-06-17T08:12:26.892904Z  INFO tailwindcss_oxide::scanner: Reading "C:\\Users\\ASUS\\Desktop\\GraduationProject\\my-react-app\\src\\constants\\routes.ts"
2026-06-17T08:12:26.893834Z  INFO tailwindcss_oxide::scanner: Reading "C:\\Users\\ASUS\\Desktop\\GraduationProject\\my-react-app\\src\\components\\ui\\PageHeader.tsx"
2026-06-17T08:12:26.894193Z  INFO tailwindcss_oxide::scanner: Reading "C:\\Users\\ASUS\\Desktop\\GraduationProject\\my-react-app\\src\\services\\workingScheduleApi.ts"
2026-06-17T08:12:26.893842Z  INFO tailwindcss_oxide::scanner: Reading "C:\\Users\\ASUS\\Desktop\\GraduationProject\\my-react-app\\src\\types\\auth.ts"
2026-06-17T08:12:26.894238Z  INFO tailwindcss_oxide::scanner: Reading "C:\\Users\\ASUS\\Desktop\\GraduationProject\\my-react-app\\src\\data\\projectSeed.ts"
2026-06-17T08:12:26.894242Z  INFO tailwindcss_oxide::scanner: Reading "C:\\Users\\ASUS\\Desktop\\GraduationProject\\my-react-app\\src\\context\\AuthContext.tsx"
2026-06-17T08:12:26.894259Z  INFO tailwindcss_oxide::scanner: Reading "C:\\Users\\ASUS\\Desktop\\GraduationProject\\my-react-app\\src\\data\\notifications.ts"
2026-06-17T08:12:26.894318Z  INFO tailwindcss_oxide::scanner: Reading "C:\\Users\\ASUS\\Desktop\\GraduationProject\\my-react-app\\src\\layouts\\AppLayout.tsx"
2026-06-17T08:12:26.894357Z  INFO tailwindcss_oxide::scanner: Reading "C:\\Users\\ASUS\\Desktop\\GraduationProject\\my-react-app\\src\\hooks\\useReferenceOptions.ts"
2026-06-17T08:12:26.895047Z  INFO discover_sources: tailwindcss_oxide::scanner: exit
2026-06-17T08:12:26.895101Z  INFO extract_candidates: tailwindcss_oxide::scanner: enter
2026-06-17T08:12:26.895123Z  INFO extract_candidates:parse_all_blobs: tailwindcss_oxide::scanner: enter
2026-06-17T08:12:26.895146Z  INFO extract_candidates:parse_all_blobs:extract: tailwindcss_oxide::scanner: enter
2026-06-17T08:12:26.897682Z  INFO extract_candidates:parse_all_blobs:extract: tailwindcss_oxide::scanner: exit
2026-06-17T08:12:26.897760Z  INFO extract_candidates:parse_all_blobs: tailwindcss_oxide::scanner: exit
2026-06-17T08:12:26.897787Z  INFO extract_candidates:read_all_files: tailwindcss_oxide::scanner: enter
2026-06-17T08:12:26.897801Z  INFO extract_candidates:read_all_files: tailwindcss_oxide::scanner: Reading 3 file(s)
2026-06-17T08:12:26.898204Z  INFO tailwindcss_oxide::scanner: Reading "C:\\Users\\ASUS\\Desktop\\GraduationProject\\my-react-app\\src\\index.css"
2026-06-17T08:12:26.898212Z  INFO tailwindcss_oxide::scanner: Reading "C:\\Users\\ASUS\\Desktop\\GraduationProject\\my-react-app\\src\\Styles\\HrStyle.css"
2026-06-17T08:12:26.898216Z  INFO tailwindcss_oxide::scanner: Reading "C:\\Users\\ASUS\\Desktop\\GraduationProject\\my-react-app\\src\\App.css"
2026-06-17T08:12:26.898329Z  INFO extract_candidates:read_all_files: tailwindcss_oxide::scanner: exit
2026-06-17T08:12:26.898355Z  INFO extract_candidates:extract_css_variables: tailwindcss_oxide::scanner: enter
2026-06-17T08:12:26.898373Z  INFO extract_candidates:extract_css_variables:extract: tailwindcss_oxide::scanner: enter
2026-06-17T08:12:26.898614Z  INFO extract_candidates:extract_css_variables:extract: tailwindcss_oxide::scanner: exit
2026-06-17T08:12:26.898646Z  INFO extract_candidates:extract_css_variables: tailwindcss_oxide::scanner: exit
2026-06-17T08:12:26.899221Z  INFO extract_candidates: tailwindcss_oxide::scanner: exit
2026-06-17T08:12:26.900769Z  INFO get_files: tailwindcss_oxide::scanner: enter
2026-06-17T08:12:26.900813Z  INFO get_files:discover_sources: tailwindcss_oxide::scanner: enter
2026-06-17T08:12:26.900827Z  INFO get_files:discover_sources: tailwindcss_oxide::scanner: exit
2026-06-17T08:12:26.901022Z  INFO get_files: tailwindcss_oxide::scanner: exit
2026-06-17T08:12:26.901593Z  INFO get_globs: tailwindcss_oxide::scanner: enter
2026-06-17T08:12:26.901616Z  INFO get_globs:discover_sources: tailwindcss_oxide::scanner: enter
2026-06-17T08:12:26.901629Z  INFO get_globs:discover_sources: tailwindcss_oxide::scanner: exit
2026-06-17T08:12:26.953832Z  INFO get_globs: tailwindcss_oxide::scanner: exit
